  Page 1                                    Thu Sep 03 01:55:38 2026

  ******************************************************************
  *                           E P A N E T                          *
  *                   Hydraulic and Water Quality                  *
  *                   Analysis for Pipe Networks                   *
  *                         Version 2.2                            *
  ******************************************************************
  
  Analysis begun Thu Sep 03 01:55:38 2026

  WARNING: Pump PUMP-170 closed because cannot deliver head at 0:00:00 hrs.
   
  WARNING: Pump PUMP-170 closed because cannot deliver head at 0:30:00 hrs.
   
  WARNING: Pump PUMP-170 closed because cannot deliver head at 1:00:00 hrs.
   
  WARNING: Pump PUMP-170 closed because cannot deliver head at 1:30:00 hrs.
   
  WARNING: Pump PUMP-170 closed because cannot deliver head at 2:00:00 hrs.
   
  WARNING: Pump PUMP-170 closed because cannot deliver head at 2:15:00 hrs.
   
  WARNING: Pump PUMP-170 closed because cannot deliver head at 2:30:00 hrs.
   
  WARNING: Pump PUMP-170 closed because cannot deliver head at 3:00:00 hrs.
   
  WARNING: Pump PUMP-170 closed because cannot deliver head at 3:30:00 hrs.
   
  WARNING: Pump PUMP-170 closed because cannot deliver head at 4:00:00 hrs.
   
  WARNING: Pump PUMP-170 closed because cannot deliver head at 4:30:00 hrs.
   
  WARNING: Pump PUMP-170 closed because cannot deliver head at 5:00:00 hrs.
   
  WARNING: Pump PUMP-170 closed because cannot deliver head at 5:30:00 hrs.
   
  WARNING: Pump PUMP-170 closed because cannot deliver head at 6:00:00 hrs.
   
  WARNING: Pump PUMP-170 closed because cannot deliver head at 6:30:00 hrs.
   
  WARNING: Pump PUMP-170 closed because cannot deliver head at 7:00:00 hrs.
   
  WARNING: Pump PUMP-170 closed because cannot deliver head at 7:30:00 hrs.
   
  WARNING: Pump PUMP-170 closed because cannot deliver head at 8:00:00 hrs.
   
  WARNING: Pump PUMP-170 closed because cannot deliver head at 8:30:00 hrs.
   
  WARNING: Pump PUMP-170 closed because cannot deliver head at 9:00:00 hrs.
   
  WARNING: Pump PUMP-170 closed because cannot deliver head at 9:30:00 hrs.
   
  WARNING: Pump PUMP-170 closed because cannot deliver head at 10:00:00 hrs.
   
  WARNING: Pump PUMP-170 closed because cannot deliver head at 10:30:00 hrs.
   
  WARNING: Pump PUMP-170 closed because cannot deliver head at 11:00:00 hrs.
   
  WARNING: Pump PUMP-170 closed because cannot deliver head at 11:30:00 hrs.
   
  Analysis ended Thu Sep 03 01:55:38 2026
