  Page 1                                    Thu Sep 03 01:55:29 2026

  ******************************************************************
  *                           E P A N E T                          *
  *                   Hydraulic and Water Quality                  *
  *                   Analysis for Pipe Networks                   *
  *                         Version 2.2                            *
  ******************************************************************
  
  Analysis begun Thu Sep 03 01:55:29 2026

  WARNING: Negative pressures at 16:21:59 hrs.
   
  WARNING: Negative pressures at 16:30:00 hrs.
   
  WARNING: Negative pressures at 17:00:00 hrs.
   
  WARNING: Negative pressures at 17:30:00 hrs.
   
  WARNING: Negative pressures at 18:00:00 hrs.
   
  WARNING: Negative pressures at 18:30:00 hrs.
   
  WARNING: Negative pressures at 19:00:00 hrs.
   
  WARNING: Negative pressures at 19:30:00 hrs.
   
  WARNING: Negative pressures at 20:00:00 hrs.
   
  WARNING: Negative pressures at 20:30:00 hrs.
   
  WARNING: Negative pressures at 21:00:00 hrs.
   
  WARNING: Negative pressures at 21:30:00 hrs.
   
  WARNING: Negative pressures at 22:00:00 hrs.
   
  WARNING: Negative pressures at 22:30:00 hrs.
   
  WARNING: Negative pressures at 23:00:00 hrs.
   
  WARNING: Negative pressures at 23:30:00 hrs.
   
  WARNING: Negative pressures at 24:00:00 hrs.
   
  WARNING: Negative pressures at 24:30:00 hrs.
   
  WARNING: Negative pressures at 25:00:00 hrs.
   
  WARNING: Negative pressures at 25:30:00 hrs.
   
  WARNING: Negative pressures at 26:00:00 hrs.
   
  WARNING: Negative pressures at 26:30:00 hrs.
   
  WARNING: Negative pressures at 27:00:00 hrs.
   
  WARNING: Negative pressures at 27:30:00 hrs.
   
  WARNING: Negative pressures at 28:00:00 hrs.
   
  WARNING: Negative pressures at 28:30:00 hrs.
   
  WARNING: Negative pressures at 29:00:00 hrs.
   
  WARNING: Negative pressures at 29:30:00 hrs.
   
  WARNING: Negative pressures at 30:00:00 hrs.
   
  WARNING: Negative pressures at 30:30:00 hrs.
   
  WARNING: Negative pressures at 31:00:00 hrs.
   
  WARNING: Negative pressures at 31:30:00 hrs.
   
  WARNING: Negative pressures at 32:00:00 hrs.
   
  WARNING: Negative pressures at 32:30:00 hrs.
   
  WARNING: Negative pressures at 33:00:00 hrs.
   
  WARNING: Negative pressures at 33:30:00 hrs.
   
  WARNING: Negative pressures at 33:39:00 hrs.
   
  WARNING: Negative pressures at 34:00:00 hrs.
   
  WARNING: Negative pressures at 34:30:00 hrs.
   
  WARNING: Negative pressures at 35:00:00 hrs.
   
  WARNING: Negative pressures at 35:30:00 hrs.
   
  WARNING: Negative pressures at 36:00:00 hrs.
   
  WARNING: Negative pressures at 36:30:00 hrs.
   
  WARNING: Negative pressures at 37:00:00 hrs.
   
  WARNING: Negative pressures at 37:30:00 hrs.
   
  WARNING: Negative pressures at 38:00:00 hrs.
   
  WARNING: Negative pressures at 38:30:00 hrs.
   
  WARNING: Negative pressures at 39:00:00 hrs.
   
  WARNING: Negative pressures at 39:30:00 hrs.
   
  WARNING: Negative pressures at 40:00:00 hrs.
   
  WARNING: Negative pressures at 40:30:00 hrs.
   
  WARNING: Negative pressures at 41:00:00 hrs.
   
  WARNING: Negative pressures at 41:27:00 hrs.
   
  WARNING: Negative pressures at 41:30:00 hrs.
   
  WARNING: Negative pressures at 42:00:00 hrs.
   
  WARNING: Negative pressures at 42:30:00 hrs.
   
  WARNING: Negative pressures at 43:00:00 hrs.
   
  WARNING: Negative pressures at 43:30:00 hrs.
   
  WARNING: Negative pressures at 44:00:00 hrs.
   
  WARNING: Negative pressures at 44:30:00 hrs.
   
  WARNING: Negative pressures at 45:00:00 hrs.
   
  WARNING: Negative pressures at 45:30:00 hrs.
   
  WARNING: Negative pressures at 46:00:00 hrs.
   
  WARNING: Negative pressures at 46:30:00 hrs.
   
  WARNING: Negative pressures at 47:00:00 hrs.
   
  WARNING: Negative pressures at 47:30:00 hrs.
   
  WARNING: Negative pressures at 48:00:00 hrs.
   
  WARNING: Negative pressures at 48:30:00 hrs.
   
  WARNING: Negative pressures at 49:00:00 hrs.
   
  WARNING: Negative pressures at 49:30:00 hrs.
   
  WARNING: Negative pressures at 50:00:00 hrs.
   
  WARNING: Negative pressures at 50:30:00 hrs.
   
  WARNING: Negative pressures at 51:00:00 hrs.
   
  WARNING: Negative pressures at 51:30:00 hrs.
   
  WARNING: Negative pressures at 52:00:00 hrs.
   
  WARNING: Negative pressures at 52:30:00 hrs.
   
  WARNING: Negative pressures at 53:00:00 hrs.
   
  WARNING: Negative pressures at 53:30:00 hrs.
   
  WARNING: Negative pressures at 54:00:00 hrs.
   
  WARNING: Negative pressures at 54:30:00 hrs.
   
  WARNING: Negative pressures at 55:00:00 hrs.
   
  WARNING: Negative pressures at 55:30:00 hrs.
   
  WARNING: Negative pressures at 56:00:00 hrs.
   
  WARNING: Negative pressures at 56:30:00 hrs.
   
  WARNING: Negative pressures at 57:00:00 hrs.
   
  WARNING: Negative pressures at 57:30:00 hrs.
   
  WARNING: Negative pressures at 58:00:00 hrs.
   
  WARNING: Negative pressures at 58:30:00 hrs.
   
  WARNING: Negative pressures at 59:00:00 hrs.
   
  WARNING: Negative pressures at 59:30:00 hrs.
   
  WARNING: Negative pressures at 60:00:00 hrs.
   
  WARNING: Negative pressures at 60:24:00 hrs.
   
  WARNING: Negative pressures at 60:30:00 hrs.
   
  WARNING: Negative pressures at 61:00:00 hrs.
   
  WARNING: Negative pressures at 61:30:00 hrs.
   
  WARNING: Negative pressures at 62:00:00 hrs.
   
  WARNING: Negative pressures at 62:30:00 hrs.
   
  WARNING: Negative pressures at 63:00:00 hrs.
   
  WARNING: Negative pressures at 63:30:00 hrs.
   
  WARNING: Negative pressures at 64:00:00 hrs.
   
  WARNING: Negative pressures at 64:30:00 hrs.
   
  WARNING: Negative pressures at 65:00:00 hrs.
   
  WARNING: Negative pressures at 65:30:00 hrs.
   
  WARNING: Negative pressures at 66:00:00 hrs.
   
  WARNING: Negative pressures at 66:30:00 hrs.
   
  WARNING: Negative pressures at 67:00:00 hrs.
   
  WARNING: Negative pressures at 67:30:00 hrs.
   
  WARNING: Negative pressures at 68:00:00 hrs.
   
  WARNING: Negative pressures at 68:30:00 hrs.
   
  WARNING: Negative pressures at 69:00:00 hrs.
   
  WARNING: Negative pressures at 69:30:00 hrs.
   
  WARNING: Negative pressures at 70:00:00 hrs.
   
  WARNING: Negative pressures at 70:30:00 hrs.
   
  WARNING: Negative pressures at 71:00:00 hrs.
   
  WARNING: Negative pressures at 71:30:00 hrs.
   
  WARNING: Negative pressures at 72:00:00 hrs.
   
  WARNING: Negative pressures at 72:30:00 hrs.
   
  WARNING: Negative pressures at 73:00:00 hrs.
   
  WARNING: Negative pressures at 73:30:00 hrs.
   
  WARNING: Negative pressures at 74:00:00 hrs.
   
  WARNING: Negative pressures at 74:30:00 hrs.
   
  WARNING: Negative pressures at 75:00:00 hrs.
   
  WARNING: Negative pressures at 75:30:00 hrs.
   
  WARNING: Negative pressures at 75:33:00 hrs.
   
  WARNING: Negative pressures at 76:00:00 hrs.
   
  WARNING: Negative pressures at 76:30:00 hrs.
   
  WARNING: Negative pressures at 77:00:00 hrs.
   
  WARNING: Negative pressures at 77:30:00 hrs.
   
  WARNING: Negative pressures at 78:00:00 hrs.
   
  WARNING: Negative pressures at 78:30:00 hrs.
   
  WARNING: Negative pressures at 79:00:00 hrs.
   
  WARNING: Negative pressures at 79:30:00 hrs.
   
  WARNING: Negative pressures at 80:00:00 hrs.
   
  WARNING: Negative pressures at 80:30:00 hrs.
   
  WARNING: Negative pressures at 81:00:00 hrs.
   
  WARNING: Negative pressures at 81:30:00 hrs.
   
  WARNING: Negative pressures at 82:00:00 hrs.
   
  WARNING: Negative pressures at 82:30:00 hrs.
   
  WARNING: Negative pressures at 83:00:00 hrs.
   
  WARNING: Negative pressures at 83:30:00 hrs.
   
  WARNING: Negative pressures at 84:00:00 hrs.
   
  WARNING: Negative pressures at 84:30:00 hrs.
   
  WARNING: Negative pressures at 85:00:00 hrs.
   
  WARNING: Negative pressures at 85:15:00 hrs.
   
  WARNING: Negative pressures at 85:30:00 hrs.
   
  WARNING: Negative pressures at 86:00:00 hrs.
   
  WARNING: Negative pressures at 86:30:00 hrs.
   
  WARNING: Negative pressures at 87:00:00 hrs.
   
  WARNING: Negative pressures at 87:30:00 hrs.
   
  WARNING: Negative pressures at 88:00:00 hrs.
   
  WARNING: Negative pressures at 88:30:00 hrs.
   
  WARNING: Negative pressures at 89:00:00 hrs.
   
  WARNING: Negative pressures at 89:30:00 hrs.
   
  WARNING: Negative pressures at 90:00:00 hrs.
   
  WARNING: Negative pressures at 90:30:00 hrs.
   
  WARNING: Negative pressures at 91:00:00 hrs.
   
  WARNING: Negative pressures at 91:30:00 hrs.
   
  WARNING: Negative pressures at 92:00:00 hrs.
   
  WARNING: Negative pressures at 92:30:00 hrs.
   
  WARNING: Negative pressures at 93:00:00 hrs.
   
  WARNING: Negative pressures at 93:30:00 hrs.
   
  WARNING: Negative pressures at 94:00:00 hrs.
   
  WARNING: Negative pressures at 94:30:00 hrs.
   
  WARNING: Negative pressures at 95:00:00 hrs.
   
  WARNING: Negative pressures at 95:30:00 hrs.
   
  WARNING: Negative pressures at 96:00:00 hrs.
   
  Analysis ended Thu Sep 03 01:55:29 2026
